// Jest Snapshot v1, https://goo.gl/fbAQLP

exports[`CounterButton Expect to render CounterButton Hooks Component 1`] = `ShallowWrapper {}`;

exports[`CounterButton Expect to render CounterButton component 1`] = `ShallowWrapper {}`;
